I'm sorry, but errors were detected in your script. Please correct the
errors listed below, and try again.


File "game/inventory.rpy", line 23: expected statement.
    is_open = not is_open
            ^

Ren'Py Version: Ren'Py 7.1.3.1092
Tue Jul  9 00:51:31 2019
